.class private abstract auto ansi sealed beforefieldinit Costura.AssemblyLoader
       extends [mscorlib]System.Object
{
  .custom instance void [mscorlib]System.Runtime.CompilerServices.CompilerGeneratedAttribute::.ctor() = ( 01 00 00 00 ) 
  .field private static initonly object nullCacheLock
  .field private static initonly class [mscorlib]System.Collections.Generic.Dictionary`2<string,bool> nullCache
  .field private static initonly class [mscorlib]System.Collections.Generic.Dictionary`2<string,string> assemblyNames
  .field private static initonly class [mscorlib]System.Collections.Generic.Dictionary`2<string,string> symbolNames
  .method private hidebysig static string 
          CultureToString(class [mscorlib]System.Globalization.CultureInfo culture) cil managed
  {
    // Code size       28 (0x1c)
    .maxstack  2
    .locals init ([0] bool V_0,
             [1] string V_1)
    .language '{3F5162F8-07C6-11D3-9053-00C04FA302A1}', '{994B45C4-E6E9-11D2-903F-00C04FA302A1}', '{5A869D0B-6611-11D3-BD2A-0000F80849BD}'
    .line 96,96 : 5,6 'ExeToProcess\\bin\\Debug\\Common.cs'
    IL_0000:  nop
    IL_0001:  ldarg.0
    IL_0002:  ldnull
    IL_0003:  ceq
    IL_0005:  stloc.0
    IL_0006:  ldloc.0
    IL_0007:  brfalse.s  IL_0011
    IL_0009:  ldstr      ""
    IL_000e:  stloc.1
    IL_000f:  br.s       IL_001a
    IL_0011:  ldarg.0
    IL_0012:  callvirt   instance string [mscorlib]System.Globalization.CultureInfo::get_Name()
    IL_0017:  stloc.1
    IL_0018:  br.s       IL_001a
    IL_001a:  ldloc.1
    IL_001b:  ret
  } // end of method AssemblyLoader::CultureToString
  .method private hidebysig static void  Log(string format,
                                             object[] args) cil managed
  {
    // Code size       25 (0x19)
    .maxstack  8
    .line 31,31 : 5,6 ''
    IL_0000:  nop
    IL_0001:  ldstr      "=== COSTURA === "
    IL_0006:  ldarg.0
    IL_0007:  ldarg.1
    IL_0008:  call       string [mscorlib]System.String::Format(string,
                                                                object[])
    IL_000d:  call       string [mscorlib]System.String::Concat(string,
                                                                string)
    IL_0012:  call       void [System]System.Diagnostics.Debug::WriteLine(string)
    IL_0017:  nop
    IL_0018:  ret
  } // end of method AssemblyLoader::Log
  .method private hidebysig static class [mscorlib]System.Reflection.Assembly 
          ReadExistingAssembly(class [mscorlib]System.Reflection.AssemblyName name) cil managed
  {
    // Code size       148 (0x94)
    .maxstack  5
    .locals init ([0] class [mscorlib]System.AppDomain V_0,
             [1] class [mscorlib]System.Reflection.Assembly[] V_1,
             [2] class [mscorlib]System.Reflection.Assembly[] V_2,
             [3] int32 V_3,
             [4] class [mscorlib]System.Reflection.Assembly V_4,
             [5] class [mscorlib]System.Reflection.AssemblyName V_5,
             [6] bool V_6,
             [7] class [mscorlib]System.Reflection.Assembly V_7)
    .line 78,78 : 5,6 ''
    IL_0000:  nop
    IL_0001:  call       class [mscorlib]System.AppDomain [mscorlib]System.AppDomain::get_CurrentDomain()
    IL_0006:  stloc.0
    IL_0007:  ldloc.0
    IL_0008:  callvirt   instance class [mscorlib]System.Reflection.Assembly[] [mscorlib]System.AppDomain::GetAssemblies()
    IL_000d:  stloc.1
    IL_000e:  nop
    IL_000f:  ldloc.1
    IL_0010:  stloc.2
    IL_0011:  ldc.i4.0
    IL_0012:  stloc.3
    IL_0013:  br.s       IL_0086
    IL_0015:  ldloc.2
    IL_0016:  ldloc.3
    IL_0017:  ldelem.ref
    IL_0018:  stloc.s    V_4
    IL_001a:  nop
    IL_001b:  ldloc.s    V_4
    IL_001d:  callvirt   instance class [mscorlib]System.Reflection.AssemblyName [mscorlib]System.Reflection.Assembly::GetName()
    IL_0022:  stloc.s    V_5
    IL_0024:  ldloc.s    V_5
    IL_0026:  callvirt   instance string [mscorlib]System.Reflection.AssemblyName::get_Name()
    IL_002b:  ldarg.0
    IL_002c:  callvirt   instance string [mscorlib]System.Reflection.AssemblyName::get_Name()
    IL_0031:  ldc.i4.3
    IL_0032:  call       bool [mscorlib]System.String::Equals(string,
                                                              string,
                                                              valuetype [mscorlib]System.StringComparison)
    IL_0037:  brfalse.s  IL_0058
    IL_0039:  ldloc.s    V_5
    IL_003b:  callvirt   instance class [mscorlib]System.Globalization.CultureInfo [mscorlib]System.Reflection.AssemblyName::get_CultureInfo()
    IL_0040:  call       string Costura.AssemblyLoader::CultureToString(class [mscorlib]System.Globalization.CultureInfo)
    IL_0045:  ldarg.0
    IL_0046:  callvirt   instance class [mscorlib]System.Globalization.CultureInfo [mscorlib]System.Reflection.AssemblyName::get_CultureInfo()
    IL_004b:  call       string Costura.AssemblyLoader::CultureToString(class [mscorlib]System.Globalization.CultureInfo)
    IL_0050:  ldc.i4.3
    IL_0051:  call       bool [mscorlib]System.String::Equals(string,
                                                              string,
                                                              valuetype [mscorlib]System.StringComparison)
    IL_0056:  br.s       IL_0059
    IL_0058:  ldc.i4.0
    IL_0059:  stloc.s    V_6
    IL_005b:  ldloc.s    V_6
    IL_005d:  brfalse.s  IL_0081
    IL_005f:  nop
    IL_0060:  ldstr      "Assembly '{0}' already loaded, returning existing "
    + "assembly"
    IL_0065:  ldc.i4.1
    IL_0066:  newarr     [mscorlib]System.Object
    IL_006b:  dup
    IL_006c:  ldc.i4.0
    IL_006d:  ldloc.s    V_4
    IL_006f:  callvirt   instance string [mscorlib]System.Reflection.Assembly::get_FullName()
    IL_0074:  stelem.ref
    IL_0075:  call       void Costura.AssemblyLoader::Log(string,
                                                          object[])
    IL_007a:  nop
    IL_007b:  ldloc.s    V_4
    IL_007d:  stloc.s    V_7
    IL_007f:  br.s       IL_0091
    IL_0081:  nop
    IL_0082:  ldloc.3
    IL_0083:  ldc.i4.1
    IL_0084:  add
    IL_0085:  stloc.3
    IL_0086:  ldloc.3
    IL_0087:  ldloc.2
    IL_0088:  ldlen
    IL_0089:  conv.i4
    IL_008a:  blt.s      IL_0015
    IL_008c:  ldnull
    IL_008d:  stloc.s    V_7
    IL_008f:  br.s       IL_0091
    IL_0091:  ldloc.s    V_7
    IL_0093:  ret
  } // end of method AssemblyLoader::ReadExistingAssembly
  .method private hidebysig static void  CopyTo(class [mscorlib]System.IO.Stream source,
                                                class [mscorlib]System.IO.Stream destination) cil managed
  {
    // Code size       47 (0x2f)
    .maxstack  4
    .locals init ([0] uint8[] V_0,
             [1] int32 V_1,
             [2] bool V_2)
    .line 37,37 : 5,6 ''
    IL_0000:  nop
    IL_0001:  ldc.i4     0x14000
    IL_0006:  newarr     [mscorlib]System.Byte
    IL_000b:  stloc.0
    IL_000c:  br.s       IL_001a
    IL_000e:  nop
    IL_000f:  ldarg.1
    IL_0010:  ldloc.0
    IL_0011:  ldc.i4.0
    IL_0012:  ldloc.1
    IL_0013:  callvirt   instance void [mscorlib]System.IO.Stream::Write(uint8[],
                                                                         int32,
                                                                         int32)
    IL_0018:  nop
    IL_0019:  nop
    IL_001a:  ldarg.0
    IL_001b:  ldloc.0
    IL_001c:  ldc.i4.0
    IL_001d:  ldloc.0
    IL_001e:  ldlen
    IL_001f:  conv.i4
    IL_0020:  callvirt   instance int32 [mscorlib]System.IO.Stream::Read(uint8[],
                                                                         int32,
                                                                         int32)
    IL_0025:  dup
    IL_0026:  stloc.1
    IL_0027:  ldc.i4.0
    IL_0028:  cgt.un
    IL_002a:  stloc.2
    IL_002b:  ldloc.2
    IL_002c:  brtrue.s   IL_000e
    IL_002e:  ret
  } // end of method AssemblyLoader::CopyTo
  .method private hidebysig static class [mscorlib]System.IO.Stream 
          LoadStream(string fullname) cil managed
  {
    // Code size       108 (0x6c)
    .maxstack  2
    .locals init ([0] class [mscorlib]System.Reflection.Assembly V_0,
             [1] bool V_1,
             [2] class [mscorlib]System.IO.Stream V_2,
             [3] class [System]System.IO.Compression.DeflateStream V_3,
             [4] class [mscorlib]System.IO.MemoryStream V_4,
             [5] class [mscorlib]System.IO.Stream V_5)
    .line 173,173 : 5,6 ''
    IL_0000:  nop
    IL_0001:  call       class [mscorlib]System.Reflection.Assembly [mscorlib]System.Reflection.Assembly::GetExecutingAssembly()
    IL_0006:  stloc.0
    IL_0007:  ldarg.0
    IL_0008:  ldstr      ".zip"
    IL_000d:  callvirt   instance bool [mscorlib]System.String::EndsWith(string)
    IL_0012:  stloc.1
    IL_0013:  ldloc.1
    IL_0014:  brfalse.s  IL_005e
    IL_0016:  nop
    IL_0017:  ldloc.0
    IL_0018:  ldarg.0
    IL_0019:  callvirt   instance class [mscorlib]System.IO.Stream [mscorlib]System.Reflection.Assembly::GetManifestResourceStream(string)
    IL_001e:  stloc.2
    .try
    {
      IL_001f:  ldloc.2
      IL_0020:  ldc.i4.0
      IL_0021:  newobj     instance void [System]System.IO.Compression.DeflateStream::.ctor(class [mscorlib]System.IO.Stream,
                                                                                            valuetype [System]System.IO.Compression.CompressionMode)
      IL_0026:  stloc.3
      .try
      {
        IL_0027:  nop
        IL_0028:  newobj     instance void [mscorlib]System.IO.MemoryStream::.ctor()
        IL_002d:  stloc.s    V_4
        IL_002f:  ldloc.3
        IL_0030:  ldloc.s    V_4
        IL_0032:  call       void Costura.AssemblyLoader::CopyTo(class [mscorlib]System.IO.Stream,
                                                                 class [mscorlib]System.IO.Stream)
        IL_0037:  nop
        IL_0038:  ldloc.s    V_4
        IL_003a:  ldc.i4.0
        IL_003b:  conv.i8
        IL_003c:  callvirt   instance void [mscorlib]System.IO.Stream::set_Position(int64)
        IL_0041:  nop
        IL_0042:  ldloc.s    V_4
        IL_0044:  stloc.s    V_5
        IL_0046:  leave.s    IL_0069
      }  // end .try
      finally
      {
        IL_0048:  ldloc.3
        IL_0049:  brfalse.s  IL_0052
        IL_004b:  ldloc.3
        IL_004c:  callvirt   instance void [mscorlib]System.IDisposable::Dispose()
        IL_0051:  nop
        IL_0052:  endfinally
      }  // end handler
    }  // end .try
    finally
    {
      IL_0053:  ldloc.2
      IL_0054:  brfalse.s  IL_005d
      IL_0056:  ldloc.2
      IL_0057:  callvirt   instance void [mscorlib]System.IDisposable::Dispose()
      IL_005c:  nop
      IL_005d:  endfinally
    }  // end handler
    IL_005e:  ldloc.0
    IL_005f:  ldarg.0
    IL_0060:  callvirt   instance class [mscorlib]System.IO.Stream [mscorlib]System.Reflection.Assembly::GetManifestResourceStream(string)
    IL_0065:  stloc.s    V_5
    IL_0067:  br.s       IL_0069
    IL_0069:  ldloc.s    V_5
    IL_006b:  ret
  } // end of method AssemblyLoader::LoadStream
  .method private hidebysig static class [mscorlib]System.IO.Stream 
          LoadStream(class [mscorlib]System.Collections.Generic.Dictionary`2<string,string> resourceNames,
                     string name) cil managed
  {
    // Code size       29 (0x1d)
    .maxstack  3
    .locals init ([0] string V_0,
             [1] bool V_1,
             [2] class [mscorlib]System.IO.Stream V_2)
    .line 164,164 : 5,6 ''
    IL_0000:  nop
    IL_0001:  ldarg.0
    IL_0002:  ldarg.1
    IL_0003:  ldloca.s   V_0
    IL_0005:  callvirt   instance bool class [mscorlib]System.Collections.Generic.Dictionary`2<string,string>::TryGetValue(!0,
                                                                                                                           !1&)
    IL_000a:  stloc.1
    IL_000b:  ldloc.1
    IL_000c:  brfalse.s  IL_0017
    IL_000e:  ldloc.0
    IL_000f:  call       class [mscorlib]System.IO.Stream Costura.AssemblyLoader::LoadStream(string)
    IL_0014:  stloc.2
    IL_0015:  br.s       IL_001b
    IL_0017:  ldnull
    IL_0018:  stloc.2
    IL_0019:  br.s       IL_001b
    IL_001b:  ldloc.2
    IL_001c:  ret
  } // end of method AssemblyLoader::LoadStream
  .method private hidebysig static uint8[] 
          ReadStream(class [mscorlib]System.IO.Stream 'stream') cil managed
  {
    // Code size       32 (0x20)
    .maxstack  4
    .locals init ([0] uint8[] V_0,
             [1] uint8[] V_1)
    .line 55,55 : 5,6 ''
    IL_0000:  nop
    IL_0001:  ldarg.0
    IL_0002:  callvirt   instance int64 [mscorlib]System.IO.Stream::get_Length()
    IL_0007:  conv.ovf.i
    IL_0008:  newarr     [mscorlib]System.Byte
    IL_000d:  stloc.0
    IL_000e:  ldarg.0
    IL_000f:  ldloc.0
    IL_0010:  ldc.i4.0
    IL_0011:  ldloc.0
    IL_0012:  ldlen
    IL_0013:  conv.i4
    IL_0014:  callvirt   instance int32 [mscorlib]System.IO.Stream::Read(uint8[],
                                                                         int32,
                                                                         int32)
    IL_0019:  pop
    IL_001a:  ldloc.0
    IL_001b:  stloc.1
    IL_001c:  br.s       IL_001e
    IL_001e:  ldloc.1
    IL_001f:  ret
  } // end of method AssemblyLoader::ReadStream
  .method private hidebysig static class [mscorlib]System.Reflection.Assembly 
          ReadFromEmbeddedResources(class [mscorlib]System.Collections.Generic.Dictionary`2<string,string> assemblyNames,
                                    class [mscorlib]System.Collections.Generic.Dictionary`2<string,string> symbolNames,
                                    class [mscorlib]System.Reflection.AssemblyName requestedAssemblyName) cil managed
  {
    // Code size       188 (0xbc)
    .maxstack  3
    .locals init ([0] string V_0,
             [1] uint8[] V_1,
             [2] bool V_2,
             [3] class [mscorlib]System.IO.Stream V_3,
             [4] bool V_4,
             [5] class [mscorlib]System.Reflection.Assembly V_5,
             [6] class [mscorlib]System.IO.Stream V_6,
             [7] bool V_7,
             [8] uint8[] V_8)
    .line 135,135 : 5,6 ''
    IL_0000:  nop
    IL_0001:  ldarg.2
    IL_0002:  callvirt   instance string [mscorlib]System.Reflection.AssemblyName::get_Name()
    IL_0007:  callvirt   instance string [mscorlib]System.String::ToLowerInvariant()
    IL_000c:  stloc.0
    IL_000d:  ldarg.2
    IL_000e:  callvirt   instance class [mscorlib]System.Globalization.CultureInfo [mscorlib]System.Reflection.AssemblyName::get_CultureInfo()
    IL_0013:  brfalse.s  IL_002a
    IL_0015:  ldarg.2
    IL_0016:  callvirt   instance class [mscorlib]System.Globalization.CultureInfo [mscorlib]System.Reflection.AssemblyName::get_CultureInfo()
    IL_001b:  callvirt   instance string [mscorlib]System.Globalization.CultureInfo::get_Name()
    IL_0020:  call       bool [mscorlib]System.String::IsNullOrEmpty(string)
    IL_0025:  ldc.i4.0
    IL_0026:  ceq
    IL_0028:  br.s       IL_002b
    IL_002a:  ldc.i4.0
    IL_002b:  stloc.2
    IL_002c:  ldloc.2
    IL_002d:  brfalse.s  IL_0046
    IL_002f:  ldstr      "{0}.{1}"
    IL_0034:  ldarg.2
    IL_0035:  callvirt   instance class [mscorlib]System.Globalization.CultureInfo [mscorlib]System.Reflection.AssemblyName::get_CultureInfo()
    IL_003a:  callvirt   instance string [mscorlib]System.Globalization.CultureInfo::get_Name()
    IL_003f:  ldloc.0
    IL_0040:  call       string [mscorlib]System.String::Format(string,
                                                                object,
                                                                object)
    IL_0045:  stloc.0
    IL_0046:  ldarg.0
    IL_0047:  ldloc.0
    IL_0048:  call       class [mscorlib]System.IO.Stream Costura.AssemblyLoader::LoadStream(class [mscorlib]System.Collections.Generic.Dictionary`2<string,string>,
                                                                                             string)
    IL_004d:  stloc.3
    .try
    {
      IL_004e:  nop
      IL_004f:  ldloc.3
      IL_0050:  ldnull
      IL_0051:  ceq
      IL_0053:  stloc.s    V_4
      IL_0055:  ldloc.s    V_4
      IL_0057:  brfalse.s  IL_005f
      IL_0059:  nop
      IL_005a:  ldnull
      IL_005b:  stloc.s    V_5
      IL_005d:  leave.s    IL_00b9
      IL_005f:  ldloc.3
      IL_0060:  call       uint8[] Costura.AssemblyLoader::ReadStream(class [mscorlib]System.IO.Stream)
      IL_0065:  stloc.1
      IL_0066:  nop
      IL_0067:  leave.s    IL_0074
    }  // end .try
    finally
    {
      IL_0069:  ldloc.3
      IL_006a:  brfalse.s  IL_0073
      IL_006c:  ldloc.3
      IL_006d:  callvirt   instance void [mscorlib]System.IDisposable::Dispose()
      IL_0072:  nop
      IL_0073:  endfinally
    }  // end handler
    IL_0074:  ldarg.1
    IL_0075:  ldloc.0
    IL_0076:  call       class [mscorlib]System.IO.Stream Costura.AssemblyLoader::LoadStream(class [mscorlib]System.Collections.Generic.Dictionary`2<string,string>,
                                                                                             string)
    IL_007b:  stloc.s    V_6
    .try
    {
      IL_007d:  nop
      IL_007e:  ldloc.s    V_6
      IL_0080:  ldnull
      IL_0081:  cgt.un
      IL_0083:  stloc.s    V_7
      IL_0085:  ldloc.s    V_7
      IL_0087:  brfalse.s  IL_009f
      IL_0089:  nop
      IL_008a:  ldloc.s    V_6
      IL_008c:  call       uint8[] Costura.AssemblyLoader::ReadStream(class [mscorlib]System.IO.Stream)
      IL_0091:  stloc.s    V_8
      IL_0093:  ldloc.1
      IL_0094:  ldloc.s    V_8
      IL_0096:  call       class [mscorlib]System.Reflection.Assembly [mscorlib]System.Reflection.Assembly::Load(uint8[],
                                                                                                                 uint8[])
      IL_009b:  stloc.s    V_5
      IL_009d:  leave.s    IL_00b9
      IL_009f:  nop
      IL_00a0:  leave.s    IL_00af
    }  // end .try
    finally
    {
      IL_00a2:  ldloc.s    V_6
      IL_00a4:  brfalse.s  IL_00ae
      IL_00a6:  ldloc.s    V_6
      IL_00a8:  callvirt   instance void [mscorlib]System.IDisposable::Dispose()
      IL_00ad:  nop
      IL_00ae:  endfinally
    }  // end handler
    IL_00af:  ldloc.1
    IL_00b0:  call       class [mscorlib]System.Reflection.Assembly [mscorlib]System.Reflection.Assembly::Load(uint8[])
    IL_00b5:  stloc.s    V_5
    IL_00b7:  br.s       IL_00b9
    IL_00b9:  ldloc.s    V_5
    IL_00bb:  ret
  } // end of method AssemblyLoader::ReadFromEmbeddedResources
  .method public hidebysig static class [mscorlib]System.Reflection.Assembly 
          ResolveAssembly(object sender,
                          class [mscorlib]System.ResolveEventArgs e) cil managed
  {
    // Code size       249 (0xf9)
    .maxstack  5
    .locals init ([0] class [mscorlib]System.Reflection.AssemblyName V_0,
             [1] class [mscorlib]System.Reflection.Assembly V_1,
             [2] object V_2,
             [3] bool V_3,
             [4] bool V_4,
             [5] class [mscorlib]System.Reflection.Assembly V_5,
             [6] bool V_6,
             [7] bool V_7,
             [8] object V_8,
             [9] bool V_9,
             [10] bool V_10)
    .line 20,20 : 5,6 'ExeToProcess\\bin\\Debug\\ILTemplate.cs'
    IL_0000:  nop
    IL_0001:  ldsfld     object Costura.AssemblyLoader::nullCacheLock
    IL_0006:  stloc.2
    IL_0007:  ldc.i4.0
    IL_0008:  stloc.3
    .try
    {
      IL_0009:  ldloc.2
      IL_000a:  ldloca.s   V_3
      IL_000c:  call       void [mscorlib]System.Threading.Monitor::Enter(object,
                                                                          bool&)
      IL_0011:  nop
      IL_0012:  nop
      IL_0013:  ldsfld     class [mscorlib]System.Collections.Generic.Dictionary`2<string,bool> Costura.AssemblyLoader::nullCache
      IL_0018:  ldarg.1
      IL_0019:  callvirt   instance string [mscorlib]System.ResolveEventArgs::get_Name()
      IL_001e:  callvirt   instance bool class [mscorlib]System.Collections.Generic.Dictionary`2<string,bool>::ContainsKey(!0)
      IL_0023:  stloc.s    V_4
      IL_0025:  ldloc.s    V_4
      IL_0027:  brfalse.s  IL_0032
      IL_0029:  nop
      IL_002a:  ldnull
      IL_002b:  stloc.s    V_5
      IL_002d:  leave      IL_00f6
      IL_0032:  nop
      IL_0033:  leave.s    IL_0040
    }  // end .try
    finally
    {
      IL_0035:  ldloc.3
      IL_0036:  brfalse.s  IL_003f
      IL_0038:  ldloc.2
      IL_0039:  call       void [mscorlib]System.Threading.Monitor::Exit(object)
      IL_003e:  nop
      IL_003f:  endfinally
    }  // end handler
    IL_0040:  ldarg.1
    IL_0041:  callvirt   instance string [mscorlib]System.ResolveEventArgs::get_Name()
    IL_0046:  newobj     instance void [mscorlib]System.Reflection.AssemblyName::.ctor(string)
    IL_004b:  stloc.0
    IL_004c:  ldloc.0
    IL_004d:  call       class [mscorlib]System.Reflection.Assembly Costura.AssemblyLoader::ReadExistingAssembly(class [mscorlib]System.Reflection.AssemblyName)
    IL_0052:  stloc.1
    IL_0053:  ldloc.1
    IL_0054:  ldnull
    IL_0055:  call       bool [mscorlib]System.Reflection.Assembly::op_Inequality(class [mscorlib]System.Reflection.Assembly,
                                                                                  class [mscorlib]System.Reflection.Assembly)
    IL_005a:  stloc.s    V_6
    IL_005c:  ldloc.s    V_6
    IL_005e:  brfalse.s  IL_0069
    IL_0060:  nop
    IL_0061:  ldloc.1
    IL_0062:  stloc.s    V_5
    IL_0064:  br         IL_00f6
    IL_0069:  ldstr      "Loading assembly '{0}' into the AppDomain"
    IL_006e:  ldc.i4.1
    IL_006f:  newarr     [mscorlib]System.Object
    IL_0074:  dup
    IL_0075:  ldc.i4.0
    IL_0076:  ldloc.0
    IL_0077:  stelem.ref
    IL_0078:  call       void Costura.AssemblyLoader::Log(string,
                                                          object[])
    IL_007d:  nop
    IL_007e:  ldsfld     class [mscorlib]System.Collections.Generic.Dictionary`2<string,string> Costura.AssemblyLoader::assemblyNames
    IL_0083:  ldsfld     class [mscorlib]System.Collections.Generic.Dictionary`2<string,string> Costura.AssemblyLoader::symbolNames
    IL_0088:  ldloc.0
    IL_0089:  call       class [mscorlib]System.Reflection.Assembly Costura.AssemblyLoader::ReadFromEmbeddedResources(class [mscorlib]System.Collections.Generic.Dictionary`2<string,string>,
                                                                                                                      class [mscorlib]System.Collections.Generic.Dictionary`2<string,string>,
                                                                                                                      class [mscorlib]System.Reflection.AssemblyName)
    IL_008e:  stloc.1
    IL_008f:  ldloc.1
    IL_0090:  ldnull
    IL_0091:  call       bool [mscorlib]System.Reflection.Assembly::op_Equality(class [mscorlib]System.Reflection.Assembly,
                                                                                class [mscorlib]System.Reflection.Assembly)
    IL_0096:  stloc.s    V_7
    IL_0098:  ldloc.s    V_7
    IL_009a:  brfalse.s  IL_00f1
    IL_009c:  nop
    IL_009d:  ldsfld     object Costura.AssemblyLoader::nullCacheLock
    IL_00a2:  stloc.s    V_8
    IL_00a4:  ldc.i4.0
    IL_00a5:  stloc.s    V_9
    .try
    {
      IL_00a7:  ldloc.s    V_8
      IL_00a9:  ldloca.s   V_9
      IL_00ab:  call       void [mscorlib]System.Threading.Monitor::Enter(object,
                                                                          bool&)
      IL_00b0:  nop
      IL_00b1:  nop
      IL_00b2:  ldsfld     class [mscorlib]System.Collections.Generic.Dictionary`2<string,bool> Costura.AssemblyLoader::nullCache
      IL_00b7:  ldarg.1
      IL_00b8:  callvirt   instance string [mscorlib]System.ResolveEventArgs::get_Name()
      IL_00bd:  ldc.i4.1
      IL_00be:  callvirt   instance void class [mscorlib]System.Collections.Generic.Dictionary`2<string,bool>::set_Item(!0,
                                                                                                                        !1)
      IL_00c3:  nop
      IL_00c4:  nop
      IL_00c5:  leave.s    IL_00d4
    }  // end .try
    finally
    {
      IL_00c7:  ldloc.s    V_9
      IL_00c9:  brfalse.s  IL_00d3
      IL_00cb:  ldloc.s    V_8
      IL_00cd:  call       void [mscorlib]System.Threading.Monitor::Exit(object)
      IL_00d2:  nop
      IL_00d3:  endfinally
    }  // end handler
    IL_00d4:  ldloc.0
    IL_00d5:  callvirt   instance valuetype [mscorlib]System.Reflection.AssemblyNameFlags [mscorlib]System.Reflection.AssemblyName::get_Flags()
    IL_00da:  ldc.i4     0x100
    IL_00df:  ceq
    IL_00e1:  stloc.s    V_10
    IL_00e3:  ldloc.s    V_10
    IL_00e5:  brfalse.s  IL_00f0
    IL_00e7:  nop
    IL_00e8:  ldloc.0
    IL_00e9:  call       class [mscorlib]System.Reflection.Assembly [mscorlib]System.Reflection.Assembly::Load(class [mscorlib]System.Reflection.AssemblyName)
    IL_00ee:  stloc.1
    IL_00ef:  nop
    IL_00f0:  nop
    IL_00f1:  ldloc.1
    IL_00f2:  stloc.s    V_5
    IL_00f4:  br.s       IL_00f6
    IL_00f6:  ldloc.s    V_5
    IL_00f8:  ret
  } // end of method AssemblyLoader::ResolveAssembly
  .method private hidebysig specialname rtspecialname static 
          void  .cctor() cil managed
  {
    // Code size       201 (0xc9)
    .maxstack  3
    .line 7,7 : 5,57 ''
    IL_0000:  newobj     instance void [mscorlib]System.Object::.ctor()
    IL_0005:  stsfld     object Costura.AssemblyLoader::nullCacheLock
    IL_000a:  newobj     instance void class [mscorlib]System.Collections.Generic.Dictionary`2<string,bool>::.ctor()
    IL_000f:  stsfld     class [mscorlib]System.Collections.Generic.Dictionary`2<string,bool> Costura.AssemblyLoader::nullCache
    IL_0014:  newobj     instance void class [mscorlib]System.Collections.Generic.Dictionary`2<string,string>::.ctor()
    IL_0019:  stsfld     class [mscorlib]System.Collections.Generic.Dictionary`2<string,string> Costura.AssemblyLoader::assemblyNames
    IL_001e:  newobj     instance void class [mscorlib]System.Collections.Generic.Dictionary`2<string,string>::.ctor()
    IL_0023:  stsfld     class [mscorlib]System.Collections.Generic.Dictionary`2<string,string> Costura.AssemblyLoader::symbolNames
    IL_0028:  ldsfld     class [mscorlib]System.Collections.Generic.Dictionary`2<string,string> Costura.AssemblyLoader::assemblyNames
    IL_002d:  ldstr      "assemblytoreference"
    IL_0032:  ldstr      "costura.assemblytoreference.dll.zip"
    IL_0037:  callvirt   instance void class [mscorlib]System.Collections.Generic.Dictionary`2<string,string>::Add(!0,
                                                                                                                   !1)
    IL_003c:  ldsfld     class [mscorlib]System.Collections.Generic.Dictionary`2<string,string> Costura.AssemblyLoader::symbolNames
    IL_0041:  ldstr      "assemblytoreference"
    IL_0046:  ldstr      "costura.assemblytoreference.pdb.zip"
    IL_004b:  callvirt   instance void class [mscorlib]System.Collections.Generic.Dictionary`2<string,string>::Add(!0,
                                                                                                                   !1)
    IL_0050:  ldsfld     class [mscorlib]System.Collections.Generic.Dictionary`2<string,string> Costura.AssemblyLoader::assemblyNames
    IL_0055:  ldstr      "assemblytoreferencepreembedded"
    IL_005a:  ldstr      "costura.assemblytoreferencepreembedded.dll"
    IL_005f:  callvirt   instance void class [mscorlib]System.Collections.Generic.Dictionary`2<string,string>::Add(!0,
                                                                                                                   !1)
    IL_0064:  ldsfld     class [mscorlib]System.Collections.Generic.Dictionary`2<string,string> Costura.AssemblyLoader::symbolNames
    IL_0069:  ldstr      "assemblytoreferencepreembedded"
    IL_006e:  ldstr      "costura.assemblytoreferencepreembedded.pdb.zip"
    IL_0073:  callvirt   instance void class [mscorlib]System.Collections.Generic.Dictionary`2<string,string>::Add(!0,
                                                                                                                   !1)
    IL_0078:  ldsfld     class [mscorlib]System.Collections.Generic.Dictionary`2<string,string> Costura.AssemblyLoader::assemblyNames
    IL_007d:  ldstr      "de.assemblytoreference.resources"
    IL_0082:  ldstr      "costura.de.assemblytoreference.resources.dll.zip"
    IL_0087:  callvirt   instance void class [mscorlib]System.Collections.Generic.Dictionary`2<string,string>::Add(!0,
                                                                                                                   !1)
    IL_008c:  ldsfld     class [mscorlib]System.Collections.Generic.Dictionary`2<string,string> Costura.AssemblyLoader::assemblyNames
    IL_0091:  ldstr      "exetoreference"
    IL_0096:  ldstr      "costura.exetoreference.exe.zip"
    IL_009b:  callvirt   instance void class [mscorlib]System.Collections.Generic.Dictionary`2<string,string>::Add(!0,
                                                                                                                   !1)
    IL_00a0:  ldsfld     class [mscorlib]System.Collections.Generic.Dictionary`2<string,string> Costura.AssemblyLoader::symbolNames
    IL_00a5:  ldstr      "exetoreference"
    IL_00aa:  ldstr      "costura.exetoreference.pdb.zip"
    IL_00af:  callvirt   instance void class [mscorlib]System.Collections.Generic.Dictionary`2<string,string>::Add(!0,
                                                                                                                   !1)
    IL_00b4:  ldsfld     class [mscorlib]System.Collections.Generic.Dictionary`2<string,string> Costura.AssemblyLoader::assemblyNames
    IL_00b9:  ldstr      "fr.assemblytoreference.resources"
    IL_00be:  ldstr      "costura.fr.assemblytoreference.resources.dll.zip"
    IL_00c3:  callvirt   instance void class [mscorlib]System.Collections.Generic.Dictionary`2<string,string>::Add(!0,
                                                                                                                   !1)
    IL_00c8:  ret
  } // end of method AssemblyLoader::.cctor
  .method public hidebysig static void  Attach() cil managed
  {
    // Code size       27 (0x1b)
    .maxstack  3
    .locals init ([0] class [mscorlib]System.AppDomain V_0)
    .line 14,14 : 5,6 ''
    IL_0000:  nop
    IL_0001:  call       class [mscorlib]System.AppDomain [mscorlib]System.AppDomain::get_CurrentDomain()
    IL_0006:  stloc.0
    IL_0007:  ldloc.0
    IL_0008:  ldnull
    IL_0009:  ldftn      class [mscorlib]System.Reflection.Assembly Costura.AssemblyLoader::ResolveAssembly(object,
                                                                                                            class [mscorlib]System.ResolveEventArgs)
    IL_000f:  newobj     instance void [mscorlib]System.ResolveEventHandler::.ctor(object,
                                                                                   native int)
    IL_0014:  callvirt   instance void [mscorlib]System.AppDomain::add_AssemblyResolve(class [mscorlib]System.ResolveEventHandler)
    IL_0019:  nop
    IL_001a:  ret
  } // end of method AssemblyLoader::Attach
} // end of class Costura.AssemblyLoader